// Jest Snapshot v1, https://goo.gl/fbAQLP

exports[`redhat ubi9 tests should correctly analyze an ubi9 image by tag 1`] = `
Object {
  "scanResults": Array [
    Object {
      "facts": Array [
        Object {
          "data": Object {
            "graph": Object {
              "nodes": Array [
                Object {
                  "deps": Array [
                    Object {
                      "nodeId": "basesystem@11-13.el9",
                    },
                    Object {
                      "nodeId": "bash@5.1.8-6.el9_1",
                    },
                    Object {
                      "nodeId": "coreutils-single@8.32-34.el9",
                    },
                    Object {
                      "nodeId": "filesystem@3.16-2.el9",
                    },
                    Object {
                      "nodeId": "glibc@2.34-83.el9_3.12",
                    },
                    Object {
                      "nodeId": "glibc-common@2.34-83.el9_3.12",
                    },
                    Object {
                      "nodeId": "glibc-minimal-langpack@2.34-83.el9_3.12",
                    },
                    Object {
                      "nodeId": "libacl@2.3.1-3.el9",
                    },
                    Object {
                      "nodeId": "libattr@2.5.1-3.el9",
                    },
                    Object {
                      "nodeId": "libcap@2.48-9.el9_2",
                    },
                    Object {
                      "nodeId": "libgcc@11.4.1-2.1.el9",
                    },
                    Object {
                      "nodeId": "libselinux@3.5-1.el9",
                    },
                    Object {
                      "nodeId": "libsepol@3.5-1.el9",
                    },
                    Object {
                      "nodeId": "ncurses-base@6.2-10.20210508.el9",
                    },
                    Object {
                      "nodeId": "ncurses-libs@6.2-10.20210508.el9",
                    },
                    Object {
                      "nodeId": "pcre2@10.40-2.el9",
                    },
                    Object {
                      "nodeId": "pcre2-syntax@10.40-2.el9",
                    },
                    Object {
                      "nodeId": "redhat-release@9.3-0.5.el9",
                    },
                    Object {
                      "nodeId": "setup@2.13.7-9.el9",
                    },
                    Object {
                      "nodeId": "tzdata@2024a-1.el9",
                    },
                  ],
                  "nodeId": "root-node",
                  "pkgId": "docker-image|redhat/ubi9-micro@9.3",
                },
                Object {
                  "deps": Array [],
                  "nodeId": "basesystem@11-13.el9",
                  "pkgId": "basesystem@11-13.el9",
                },
                Object {
                  "deps": Array [],
                  "nodeId": "bash@5.1.8-6.el9_1",
                  "pkgId": "bash@5.1.8-6.el9_1",
                },
                Object {
                  "deps": Array [],
                  "nodeId": "coreutils-single@8.32-34.el9",
                  "pkgId": "coreutils-single@8.32-34.el9",
                },
                Object {
                  "deps": Array [],
                  "nodeId": "filesystem@3.16-2.el9",
                  "pkgId": "filesystem@3.16-2.el9",
                },
                Object {
                  "deps": Array [],
                  "nodeId": "glibc@2.34-83.el9_3.12",
                  "pkgId": "glibc@2.34-83.el9_3.12",
                },
                Object {
                  "deps": Array [],
                  "nodeId": "glibc-common@2.34-83.el9_3.12",
                  "pkgId": "glibc-common@2.34-83.el9_3.12",
                },
                Object {
                  "deps": Array [],
                  "nodeId": "glibc-minimal-langpack@2.34-83.el9_3.12",
                  "pkgId": "glibc-minimal-langpack@2.34-83.el9_3.12",
                },
                Object {
                  "deps": Array [],
                  "nodeId": "libacl@2.3.1-3.el9",
                  "pkgId": "libacl@2.3.1-3.el9",
                },
                Object {
                  "deps": Array [],
                  "nodeId": "libattr@2.5.1-3.el9",
                  "pkgId": "libattr@2.5.1-3.el9",
                },
                Object {
                  "deps": Array [],
                  "nodeId": "libcap@2.48-9.el9_2",
                  "pkgId": "libcap@2.48-9.el9_2",
                },
                Object {
                  "deps": Array [],
                  "nodeId": "libgcc@11.4.1-2.1.el9",
                  "pkgId": "libgcc@11.4.1-2.1.el9",
                },
                Object {
                  "deps": Array [],
                  "nodeId": "libselinux@3.5-1.el9",
                  "pkgId": "libselinux@3.5-1.el9",
                },
                Object {
                  "deps": Array [],
                  "nodeId": "libsepol@3.5-1.el9",
                  "pkgId": "libsepol@3.5-1.el9",
                },
                Object {
                  "deps": Array [],
                  "nodeId": "ncurses-base@6.2-10.20210508.el9",
                  "pkgId": "ncurses-base@6.2-10.20210508.el9",
                },
                Object {
                  "deps": Array [],
                  "nodeId": "ncurses-libs@6.2-10.20210508.el9",
                  "pkgId": "ncurses-libs@6.2-10.20210508.el9",
                },
                Object {
                  "deps": Array [],
                  "nodeId": "pcre2@10.40-2.el9",
                  "pkgId": "pcre2@10.40-2.el9",
                },
                Object {
                  "deps": Array [],
                  "nodeId": "pcre2-syntax@10.40-2.el9",
                  "pkgId": "pcre2-syntax@10.40-2.el9",
                },
                Object {
                  "deps": Array [],
                  "nodeId": "redhat-release@9.3-0.5.el9",
                  "pkgId": "redhat-release@9.3-0.5.el9",
                },
                Object {
                  "deps": Array [],
                  "nodeId": "setup@2.13.7-9.el9",
                  "pkgId": "setup@2.13.7-9.el9",
                },
                Object {
                  "deps": Array [],
                  "nodeId": "tzdata@2024a-1.el9",
                  "pkgId": "tzdata@2024a-1.el9",
                },
              ],
              "rootNodeId": "root-node",
            },
            "pkgManager": Object {
              "name": "rpm",
              "repositories": Array [
                Object {
                  "alias": "rhel:9.3",
                },
              ],
            },
            "pkgs": Array [
              Object {
                "id": "docker-image|redhat/ubi9-micro@9.3",
                "info": Object {
                  "name": "docker-image|redhat/ubi9-micro",
                  "version": "9.3",
                },
              },
              Object {
                "id": "basesystem@11-13.el9",
                "info": Object {
                  "name": "basesystem",
                  "purl": "pkg:rpm/rhel/basesystem@11-13.el9?distro=rhel-9.3&repositories=rhel-9-for-x86_64-baseos-rpms%2Crhel-9-for-x86_64-appstream-rpms",
                  "version": "11-13.el9",
                },
              },
              Object {
                "id": "bash@5.1.8-6.el9_1",
                "info": Object {
                  "name": "bash",
                  "purl": "pkg:rpm/rhel/bash@5.1.8-6.el9_1?distro=rhel-9.3&repositories=rhel-9-for-x86_64-baseos-rpms%2Crhel-9-for-x86_64-appstream-rpms",
                  "version": "5.1.8-6.el9_1",
                },
              },
              Object {
                "id": "coreutils-single@8.32-34.el9",
                "info": Object {
                  "name": "coreutils-single",
                  "purl": "pkg:rpm/rhel/coreutils-single@8.32-34.el9?distro=rhel-9.3&repositories=rhel-9-for-x86_64-baseos-rpms%2Crhel-9-for-x86_64-appstream-rpms",
                  "version": "8.32-34.el9",
                },
              },
              Object {
                "id": "filesystem@3.16-2.el9",
                "info": Object {
                  "name": "filesystem",
                  "purl": "pkg:rpm/rhel/filesystem@3.16-2.el9?distro=rhel-9.3&repositories=rhel-9-for-x86_64-baseos-rpms%2Crhel-9-for-x86_64-appstream-rpms",
                  "version": "3.16-2.el9",
                },
              },
              Object {
                "id": "glibc@2.34-83.el9_3.12",
                "info": Object {
                  "name": "glibc",
                  "purl": "pkg:rpm/rhel/glibc@2.34-83.el9_3.12?distro=rhel-9.3&repositories=rhel-9-for-x86_64-baseos-rpms%2Crhel-9-for-x86_64-appstream-rpms",
                  "version": "2.34-83.el9_3.12",
                },
              },
              Object {
                "id": "glibc-common@2.34-83.el9_3.12",
                "info": Object {
                  "name": "glibc-common",
                  "purl": "pkg:rpm/rhel/glibc-common@2.34-83.el9_3.12?distro=rhel-9.3&repositories=rhel-9-for-x86_64-baseos-rpms%2Crhel-9-for-x86_64-appstream-rpms",
                  "version": "2.34-83.el9_3.12",
                },
              },
              Object {
                "id": "glibc-minimal-langpack@2.34-83.el9_3.12",
                "info": Object {
                  "name": "glibc-minimal-langpack",
                  "purl": "pkg:rpm/rhel/glibc-minimal-langpack@2.34-83.el9_3.12?distro=rhel-9.3&repositories=rhel-9-for-x86_64-baseos-rpms%2Crhel-9-for-x86_64-appstream-rpms",
                  "version": "2.34-83.el9_3.12",
                },
              },
              Object {
                "id": "libacl@2.3.1-3.el9",
                "info": Object {
                  "name": "libacl",
                  "purl": "pkg:rpm/rhel/libacl@2.3.1-3.el9?distro=rhel-9.3&repositories=rhel-9-for-x86_64-baseos-rpms%2Crhel-9-for-x86_64-appstream-rpms",
                  "version": "2.3.1-3.el9",
                },
              },
              Object {
                "id": "libattr@2.5.1-3.el9",
                "info": Object {
                  "name": "libattr",
                  "purl": "pkg:rpm/rhel/libattr@2.5.1-3.el9?distro=rhel-9.3&repositories=rhel-9-for-x86_64-baseos-rpms%2Crhel-9-for-x86_64-appstream-rpms",
                  "version": "2.5.1-3.el9",
                },
              },
              Object {
                "id": "libcap@2.48-9.el9_2",
                "info": Object {
                  "name": "libcap",
                  "purl": "pkg:rpm/rhel/libcap@2.48-9.el9_2?distro=rhel-9.3&repositories=rhel-9-for-x86_64-baseos-rpms%2Crhel-9-for-x86_64-appstream-rpms",
                  "version": "2.48-9.el9_2",
                },
              },
              Object {
                "id": "libgcc@11.4.1-2.1.el9",
                "info": Object {
                  "name": "libgcc",
                  "purl": "pkg:rpm/rhel/libgcc@11.4.1-2.1.el9?distro=rhel-9.3&repositories=rhel-9-for-x86_64-baseos-rpms%2Crhel-9-for-x86_64-appstream-rpms",
                  "version": "11.4.1-2.1.el9",
                },
              },
              Object {
                "id": "libselinux@3.5-1.el9",
                "info": Object {
                  "name": "libselinux",
                  "purl": "pkg:rpm/rhel/libselinux@3.5-1.el9?distro=rhel-9.3&repositories=rhel-9-for-x86_64-baseos-rpms%2Crhel-9-for-x86_64-appstream-rpms",
                  "version": "3.5-1.el9",
                },
              },
              Object {
                "id": "libsepol@3.5-1.el9",
                "info": Object {
                  "name": "libsepol",
                  "purl": "pkg:rpm/rhel/libsepol@3.5-1.el9?distro=rhel-9.3&repositories=rhel-9-for-x86_64-baseos-rpms%2Crhel-9-for-x86_64-appstream-rpms",
                  "version": "3.5-1.el9",
                },
              },
              Object {
                "id": "ncurses-base@6.2-10.20210508.el9",
                "info": Object {
                  "name": "ncurses-base",
                  "purl": "pkg:rpm/rhel/ncurses-base@6.2-10.20210508.el9?distro=rhel-9.3&repositories=rhel-9-for-x86_64-baseos-rpms%2Crhel-9-for-x86_64-appstream-rpms",
                  "version": "6.2-10.20210508.el9",
                },
              },
              Object {
                "id": "ncurses-libs@6.2-10.20210508.el9",
                "info": Object {
                  "name": "ncurses-libs",
                  "purl": "pkg:rpm/rhel/ncurses-libs@6.2-10.20210508.el9?distro=rhel-9.3&repositories=rhel-9-for-x86_64-baseos-rpms%2Crhel-9-for-x86_64-appstream-rpms",
                  "version": "6.2-10.20210508.el9",
                },
              },
              Object {
                "id": "pcre2@10.40-2.el9",
                "info": Object {
                  "name": "pcre2",
                  "purl": "pkg:rpm/rhel/pcre2@10.40-2.el9?distro=rhel-9.3&repositories=rhel-9-for-x86_64-baseos-rpms%2Crhel-9-for-x86_64-appstream-rpms",
                  "version": "10.40-2.el9",
                },
              },
              Object {
                "id": "pcre2-syntax@10.40-2.el9",
                "info": Object {
                  "name": "pcre2-syntax",
                  "purl": "pkg:rpm/rhel/pcre2-syntax@10.40-2.el9?distro=rhel-9.3&repositories=rhel-9-for-x86_64-baseos-rpms%2Crhel-9-for-x86_64-appstream-rpms",
                  "version": "10.40-2.el9",
                },
              },
              Object {
                "id": "redhat-release@9.3-0.5.el9",
                "info": Object {
                  "name": "redhat-release",
                  "purl": "pkg:rpm/rhel/redhat-release@9.3-0.5.el9?distro=rhel-9.3&repositories=rhel-9-for-x86_64-baseos-rpms%2Crhel-9-for-x86_64-appstream-rpms",
                  "version": "9.3-0.5.el9",
                },
              },
              Object {
                "id": "setup@2.13.7-9.el9",
                "info": Object {
                  "name": "setup",
                  "purl": "pkg:rpm/rhel/setup@2.13.7-9.el9?distro=rhel-9.3&repositories=rhel-9-for-x86_64-baseos-rpms%2Crhel-9-for-x86_64-appstream-rpms",
                  "version": "2.13.7-9.el9",
                },
              },
              Object {
                "id": "tzdata@2024a-1.el9",
                "info": Object {
                  "name": "tzdata",
                  "purl": "pkg:rpm/rhel/tzdata@2024a-1.el9?distro=rhel-9.3&repositories=rhel-9-for-x86_64-baseos-rpms%2Crhel-9-for-x86_64-appstream-rpms",
                  "version": "2024a-1.el9",
                },
              },
            ],
            "schemaVersion": "1.3.0",
          },
          "type": "depGraph",
        },
        Object {
          "data": "sha256:0a76a9bf80abadb332376f659186555601fe7d9d26979cf01d6441a8133e1af1",
          "type": "imageId",
        },
        Object {
          "data": Array [
            "sha256:f6e375c0d5ad6710500dc4fe0f0e6c5c43c65465c50ac3ce5c152cc9627f5134",
          ],
          "type": "imageLayers",
        },
        Object {
          "data": Object {
            "architecture": "x86_64",
            "build-date": "2024-02-29T16:04:33",
            "com.redhat.component": "ubi9-micro-container",
            "com.redhat.license_terms": "https://www.redhat.com/en/about/red-hat-end-user-license-agreements#UBI",
            "description": "Very small image which doesn't install the package manager.",
            "distribution-scope": "public",
            "io.buildah.version": "1.29.0",
            "io.k8s.description": "Very small image which doesn't install the package manager.",
            "io.k8s.display-name": "Ubi9-micro",
            "io.openshift.expose-services": "",
            "maintainer": "Red Hat, Inc.",
            "name": "ubi9/ubi-micro",
            "release": "15",
            "summary": "ubi9 micro image",
            "url": "https://access.redhat.com/containers/#/registry.access.redhat.com/ubi9/ubi-micro/images/9.3-15",
            "vcs-ref": "303dc144996db01765d69e8ea45d2d617d953e42",
            "vcs-type": "git",
            "vendor": "Red Hat, Inc.",
            "version": "9.3",
          },
          "type": "imageLabels",
        },
        Object {
          "data": "2024-02-29T16:07:21.552785209Z",
          "type": "imageCreationTime",
        },
        Object {
          "data": Array [
            "sha256:f6e375c0d5ad6710500dc4fe0f0e6c5c43c65465c50ac3ce5c152cc9627f5134",
          ],
          "type": "rootFs",
        },
        Object {
          "data": "Red Hat Enterprise Linux 9.3 (Plow)",
          "type": "imageOsReleasePrettyName",
        },
        Object {
          "data": Object {
            "names": Array [
              "redhat/ubi9-micro:9.3",
            ],
          },
          "type": "imageNames",
        },
      ],
      "identity": Object {
        "args": Object {
          "platform": "linux/amd64",
        },
        "type": "rpm",
      },
      "target": Object {
        "image": "docker-image|redhat/ubi9-micro",
      },
    },
  ],
}
`;
